// Jest Snapshot v1, https://goo.gl/fbAQLP

exports[`render correctly Spinner component 1`] = `ReactWrapper {}`;

exports[`render correctly Typography component 1`] = `ReactWrapper {}`;

exports[`render correctly loading component 1`] = `
<div
  className="d-flex flex-grow-1"
  style={
    Object {
      "alignItems": "center",
      "height": "100%",
      "justifyContent": "center",
    }
  }
>
  <div
    className="spinner-0-2-18 spinner-grow"
  />
  <div
    className="caption-0-2-25 primary-0-2-28 text-0-2-19"
    style={
      Object {
        "fontWeight": 500,
      }
    }
  >
    <span
      dangerouslySetInnerHTML={
        Object {
          "__html": "Please wait",
        }
      }
    />
  </div>
</div>
`;
