// Jest Snapshot v1, https://goo.gl/fbAQLP

exports[`Loading component render correctly Typography component 1`] = `
<DocumentFragment>
  <div
    class="caption-0-2-6 primary-0-2-9"
    style="font-weight: 500;"
  />
</DocumentFragment>
`;

exports[`Loading component render correctly loading component 1`] = `
<div
  className="container-0-2-20"
>
  <div
    className="spinner-0-2-18 spinner-grow"
  />
  <div
    className="caption-0-2-26 primary-0-2-29 text-0-2-19"
    style={
      Object {
        "fontWeight": 500,
      }
    }
  >
    <span
      dangerouslySetInnerHTML={
        Object {
          "__html": "Please wait",
        }
      }
    />
  </div>
</div>
`;
